// Jest Snapshot v1, https://goo.gl/fbAQLP

exports[`SubmitPostForm test - renders correctly 1`] = `
<form>
  <div
    aligntext="center"
    class="MuiCardHeader-root makeStyles-title-2"
  >
    <div
      class="MuiCardHeader-content"
    >
      <span
        class="MuiTypography-root MuiCardHeader-title MuiTypography-h5 MuiTypography-displayBlock"
      >
        Create a Post
      </span>
    </div>
    <div
      class="MuiCardHeader-action"
    >
      <button
        class="MuiButtonBase-root MuiIconButton-root makeStyles-title-2"
        tabindex="0"
        type="button"
      >
        <span
          class="MuiIconButton-label"
        >
          X
        </span>
        <span
          class="MuiTouchRipple-root"
        />
      </button>
    </div>
  </div>
  <div
    class="makeStyles-cardBody-8 makeStyles-root-1"
  >
    <div
      class="MuiInputBase-root makeStyles-input-4 MuiInputBase-fullWidth"
      required=""
    >
      <input
        aria-label="naked"
        class="MuiInputBase-input"
        id="title"
        name="title"
        placeholder="Enter Title"
        required=""
        type="text"
        value=""
      />
    </div>
    <hr
      class="MuiDivider-root"
    />
    <div
      class="MuiInputBase-root makeStyles-input-4 MuiInputBase-fullWidth MuiInputBase-multiline"
      required=""
    >
      <textarea
        class="MuiInputBase-input MuiInputBase-inputMultiline"
        id="text"
        name="text"
        placeholder="Enter text or URL here"
        required=""
        rows="1"
        style="height: 0px; overflow: hidden;"
      />
      <textarea
        aria-hidden="true"
        class="MuiInputBase-input MuiInputBase-inputMultiline"
        readonly=""
        style="visibility: hidden; position: absolute; overflow: hidden; height: 0px; top: 0px; left: 0px; transform: translateZ(0); width: 100%;"
        tabindex="-1"
      />
    </div>
    <hr
      class="MuiDivider-root"
    />
    <p
      class="MuiTypography-root MuiTypography-body1"
    >
      Who can see your post
    </p>
    <div
      aria-expanded="false"
      class="MuiAutocomplete-root makeStyles-group-5 MuiAutocomplete-hasClearIcon MuiAutocomplete-hasPopupIcon"
      role="combobox"
      variant="outlined"
    >
      <div
        class="MuiFormControl-root MuiTextField-root makeStyles-groupInput-6 MuiFormControl-fullWidth"
      >
        <label
          class="MuiFormLabel-root MuiInputLabel-root MuiInputLabel-formControl MuiInputLabel-animated"
          data-shrink="false"
          for="group"
          id="group-label"
        >
          Select a group
        </label>
        <div
          class="MuiInputBase-root MuiInput-root MuiInputBase-fullWidth MuiInput-fullWidth MuiInputBase-formControl MuiInput-formControl"
        >
          <input
            aria-autocomplete="list"
            aria-invalid="false"
            autocapitalize="none"
            autocomplete="off"
            class="MuiInputBase-input MuiInput-input MuiAutocomplete-input MuiAutocomplete-inputFocused"
            id="group"
            name="group"
            spellcheck="false"
            type="text"
            value=""
          />
        </div>
      </div>
    </div>
    <div
      class="MuiGrid-root MuiGrid-container MuiGrid-align-items-xs-flex-end MuiGrid-justify-xs-flex-end"
    >
      <button
        class="MuiButtonBase-root MuiButton-root MuiButton-contained makeStyles-button-17 makeStyles-fullWidth-18 makeStyles-button-7"
        id="submit-button"
        tabindex="0"
        type="submit"
      >
        <span
          class="MuiButton-label"
        >
          POST
        </span>
        <span
          class="MuiTouchRipple-root"
        />
      </button>
    </div>
  </div>
</form>
`;
